{"level":"INFO","message":"Planning completed","timestamp":"2025-11-05T07:16:48.928Z","service":"TalkAvocado/MediaProcessing","sampling_rate":0,"correlationId":"test-1762327008898","tenantId":"t-test","jobId":"004e0bcf-aa53-41fa-97a6-fed8f7ef644d","step":"smart-cut-planner","planKey":"dev/t-test/004e0bcf-aa53-41fa-97a6-fed8f7ef644d/plan/cut_plan.json","totalCuts":2,"totalKeeps":1}
{"level":"INFO","message":"Planning completed","timestamp":"2025-11-05T07:16:48.961Z","service":"TalkAvocado/MediaProcessing","sampling_rate":0,"correlationId":"test-1762327008939-0","tenantId":"t-test","jobId":"df39404d-b045-47a1-8f2e-75111449f1e4","step":"smart-cut-planner","planKey":"dev/t-test/df39404d-b045-47a1-8f2e-75111449f1e4/plan/cut_plan.json","totalCuts":1,"totalKeeps":2}
{"level":"INFO","message":"Planning completed","timestamp":"2025-11-05T07:16:48.980Z","service":"TalkAvocado/MediaProcessing","sampling_rate":0,"correlationId":"test-1762327008963-1","tenantId":"t-test","jobId":"4fc1c181-9785-468a-8dec-b1f1fc59f09e","step":"smart-cut-planner","planKey":"dev/t-test/4fc1c181-9785-468a-8dec-b1f1fc59f09e/plan/cut_plan.json","totalCuts":1,"totalKeeps":2}
{"level":"INFO","message":"Planning completed","timestamp":"2025-11-05T07:16:49.004Z","service":"TalkAvocado/MediaProcessing","sampling_rate":0,"correlationId":"test-1762327008983-2","tenantId":"t-test","jobId":"b2c7023c-9ba4-411b-b5d4-68956242340f","step":"smart-cut-planner","planKey":"dev/t-test/b2c7023c-9ba4-411b-b5d4-68956242340f/plan/cut_plan.json","totalCuts":1,"totalKeeps":2}
{"level":"INFO","message":"Planning completed","timestamp":"2025-11-05T07:16:49.025Z","service":"TalkAvocado/MediaProcessing","sampling_rate":0,"correlationId":"test-1762327009007-3","tenantId":"t-test","jobId":"f01559f9-552c-4327-9ae0-99914c7d83f9","step":"smart-cut-planner","planKey":"dev/t-test/f01559f9-552c-4327-9ae0-99914c7d83f9/plan/cut_plan.json","totalCuts":1,"totalKeeps":2}
{"level":"INFO","message":"Planning completed","timestamp":"2025-11-05T07:16:49.055Z","service":"TalkAvocado/MediaProcessing","sampling_rate":0,"correlationId":"test-1762327009028-4","tenantId":"t-test","jobId":"3d0967d5-33cc-4eaa-be5f-7d267f6dde7b","step":"smart-cut-planner","planKey":"dev/t-test/3d0967d5-33cc-4eaa-be5f-7d267f6dde7b/plan/cut_plan.json","totalCuts":1,"totalKeeps":2}
{"level":"INFO","message":"Planning completed","timestamp":"2025-11-05T07:16:49.080Z","service":"TalkAvocado/MediaProcessing","sampling_rate":0,"correlationId":"test-1762327009059-5","tenantId":"t-test","jobId":"df66436d-28ec-457f-835a-db26325c55ec","step":"smart-cut-planner","planKey":"dev/t-test/df66436d-28ec-457f-835a-db26325c55ec/plan/cut_plan.json","totalCuts":1,"totalKeeps":2}
{"level":"INFO","message":"Planning completed","timestamp":"2025-11-05T07:16:49.108Z","service":"TalkAvocado/MediaProcessing","sampling_rate":0,"correlationId":"test-1762327009085-6","tenantId":"t-test","jobId":"91f0f2ab-1405-42d3-9700-560a7b120896","step":"smart-cut-planner","planKey":"dev/t-test/91f0f2ab-1405-42d3-9700-560a7b120896/plan/cut_plan.json","totalCuts":1,"totalKeeps":2}
{"level":"INFO","message":"Planning completed","timestamp":"2025-11-05T07:16:49.135Z","service":"TalkAvocado/MediaProcessing","sampling_rate":0,"correlationId":"test-1762327009110-7","tenantId":"t-test","jobId":"f71c961b-489e-435a-ba6a-275993bfa1c8","step":"smart-cut-planner","planKey":"dev/t-test/f71c961b-489e-435a-ba6a-275993bfa1c8/plan/cut_plan.json","totalCuts":1,"totalKeeps":2}
{"level":"INFO","message":"Planning completed","timestamp":"2025-11-05T07:16:49.157Z","service":"TalkAvocado/MediaProcessing","sampling_rate":0,"correlationId":"test-1762327009139-8","tenantId":"t-test","jobId":"2ead12bf-8847-4edc-aa97-976fa81533aa","step":"smart-cut-planner","planKey":"dev/t-test/2ead12bf-8847-4edc-aa97-976fa81533aa/plan/cut_plan.json","totalCuts":1,"totalKeeps":2}
{"level":"INFO","message":"Planning completed","timestamp":"2025-11-05T07:16:49.181Z","service":"TalkAvocado/MediaProcessing","sampling_rate":0,"correlationId":"test-1762327009160-9","tenantId":"t-test","jobId":"75c02204-53b7-48db-adcc-47c2616d179a","step":"smart-cut-planner","planKey":"dev/t-test/75c02204-53b7-48db-adcc-47c2616d179a/plan/cut_plan.json","totalCuts":1,"totalKeeps":2}
node : [2025-11-05T07:16:49.183Z] [TalkAvocado] [ERROR] Γ¥î Test 2: Determinism: FAILED - All 
10 runs produced identical output (checksum: d0e45f30...)
At line:1 char:1
+ node test-smart-cut-planner-comprehensive.js 2>&1 | Out-File -FilePat ...
+ ~~~~~~~~~~~~~~~~~~~~~~~~~~~~~~~~~~~~~~~~~~~~~~~~~
    + CategoryInfo          : NotSpecified: ([2025-11-05T07:...m: d0e45f30...):String) [], Remo 
   teException
    + FullyQualifiedErrorId : NativeCommandError
 
{"level":"INFO","message":"Planning completed","timestamp":"2025-11-05T07:16:49.210Z","service":"TalkAvocado/MediaProcessing","sampling_rate":0,"correlationId":"test-1762327009191","tenantId":"t-test","jobId":"054ee0d6-370b-4521-b3fc-e8a5b6414ce6","step":"smart-cut-planner","planKey":"dev/t-test/054ee0d6-370b-4521-b3fc-e8a5b6414ce6/plan/cut_plan.json","totalCuts":1,"totalKeeps":2}
{"level":"INFO","message":"Planning completed","timestamp":"2025-11-05T07:16:49.236Z","service":"TalkAvocado/MediaProcessing","sampling_rate":0,"correlationId":"test-1762327009214","tenantId":"t-test","jobId":"98976462-3685-42d0-8fdd-842744ec5154","step":"smart-cut-planner","planKey":"dev/t-test/98976462-3685-42d0-8fdd-842744ec5154/plan/cut_plan.json","totalCuts":0,"totalKeeps":1}
{"level":"INFO","message":"Planning completed","timestamp":"2025-11-05T07:16:49.269Z","service":"TalkAvocado/MediaProcessing","sampling_rate":0,"correlationId":"test-1762327009241","tenantId":"t-test","jobId":"eae2d48a-5188-47a0-a7c7-c02dc90af3c6","step":"smart-cut-planner","planKey":"dev/t-test/eae2d48a-5188-47a0-a7c7-c02dc90af3c6/plan/cut_plan.json","totalCuts":3,"totalKeeps":0}
{"level":"INFO","message":"Planning completed","timestamp":"2025-11-05T07:16:49.333Z","service":"TalkAvocado/MediaProcessing","sampling_rate":0,"correlationId":"test-1762327009311","tenantId":"t-test","jobId":"1e1d40ef-cb1c-4c5b-8735-e45d621dd211","step":"smart-cut-planner","planKey":"dev/t-test/1e1d40ef-cb1c-4c5b-8735-e45d621dd211/plan/cut_plan.json","totalCuts":0,"totalKeeps":1}
{"level":"ERROR","message":"Planning failed","timestamp":"2025-11-05T07:16:49.345Z","service":"T
alkAvocado/MediaProcessing","sampling_rate":0,"correlationId":"test-1762327009335","tenantId":"t
-test","jobId":"c40e2722-07dd-4351-aeac-f641a582f9cb","step":"smart-cut-planner","error":"Transc
ript not found: dev/t-test/c40e2722-07dd-4351-aeac-f641a582f9cb/transcripts/transcript.json","ty
pe":"INPUT_NOT_FOUND","details":{"transcriptKey":"dev/t-test/c40e2722-07dd-4351-aeac-f641a582f9c
b/transcripts/transcript.json"}}
{"level":"ERROR","message":"Planning failed","timestamp":"2025-11-05T07:16:49.363Z","service":"T
alkAvocado/MediaProcessing","sampling_rate":0,"correlationId":"test-1762327009350","tenantId":"t
-test","jobId":"a13d15e5-3af5-4889-a4f5-6a71afca5b2a","step":"smart-cut-planner","error":"Transc
ript parse failed: Unexpected token 'T', \"This is no\"... is not valid 
JSON","type":"TRANSCRIPT_PARSE","details":{}}
{"level":"ERROR","message":"Planning failed","timestamp":"2025-11-05T07:16:49.375Z","service":"T
alkAvocado/MediaProcessing","sampling_rate":0,"correlationId":"test-1762327009365","tenantId":"t
-test","jobId":"fac1a2f8-b39d-416a-afcf-e5ef27c52ad9","step":"smart-cut-planner","error":"Transc
ript invalid: missing segments","type":"TRANSCRIPT_INVALID","details":{}}
{"level":"INFO","message":"Planning completed","timestamp":"2025-11-05T07:16:49.390Z","service":"TalkAvocado/MediaProcessing","sampling_rate":0,"correlationId":"test-1762327009378-1","tenantId":"t-test","jobId":"ad59e8e1-fc0d-4403-a257-88a91b1f21cf","step":"smart-cut-planner","planKey":"dev/t-test/ad59e8e1-fc0d-4403-a257-88a91b1f21cf/plan/cut_plan.json","totalCuts":0,"totalKeeps":1}
{"level":"INFO","message":"Planning completed","timestamp":"2025-11-05T07:16:49.402Z","service":"TalkAvocado/MediaProcessing","sampling_rate":0,"correlationId":"test-1762327009391-2","tenantId":"t-test","jobId":"ad59e8e1-fc0d-4403-a257-88a91b1f21cf","step":"smart-cut-planner","planKey":"dev/t-test/ad59e8e1-fc0d-4403-a257-88a91b1f21cf/plan/cut_plan.json","totalCuts":0,"totalKeeps":1}
{"level":"INFO","message":"Planning completed","timestamp":"2025-11-05T07:16:49.418Z","service":"TalkAvocado/MediaProcessing","sampling_rate":0,"correlationId":"test-1762327009406","tenantId":"t-test","jobId":"52a21174-2fd1-4116-9a9c-efb1befe5e81","step":"smart-cut-planner","planKey":"dev/t-test/52a21174-2fd1-4116-9a9c-efb1befe5e81/plan/cut_plan.json","totalCuts":2,"totalKeeps":2}
{"level":"INFO","message":"Planning completed","timestamp":"2025-11-05T07:16:49.440Z","service":"TalkAvocado/MediaProcessing","sampling_rate":0,"correlationId":"test-1762327009422","tenantId":"t-test","jobId":"7d4d80ad-17b8-488d-9112-86845745eab5","step":"smart-cut-planner","planKey":"dev/t-test/7d4d80ad-17b8-488d-9112-86845745eab5/plan/cut_plan.json","totalCuts":0,"totalKeeps":1}
